
Elf file type is EXEC (Executable file)
Entry point 0xffffffff80000400
There are 4 program headers, starting at offset 64

Program Headers:
  Type           Offset             VirtAddr           PhysAddr
                 FileSiz            MemSiz              Flags  Align
  LOAD           0x0000000000001000 0xffffffff80000000 0xffffffff80000000
                 0x000000000000d8dc 0x000000000000d8dc  R E    0x1000
  LOAD           0x000000000000e8e0 0xffffffff8000e8e0 0xffffffff8000e8e0
                 0x0000000000003dbd 0x0000000000003dbd  R      0x1000
  LOAD           0x00000000000126a0 0xffffffff800136a0 0xffffffff800136a0
                 0x0000000000000078 0x0000000000000078  RW     0x1000
  DYNAMIC        0x0000000000000000 0x0000000000000000 0x0000000000000000
                 0x0000000000000000 0x0000000000000000  RW     0x0

 Section to Segment mapping:
  Segment Sections...
   00     .text 
   01     .rodata 
   02     .data 
   03     
